[history.cpp:283]: Executing History from -1.1.1 to  2.1.1
[history.cpp:283]: Executing History from 2.1.1 to  1928.1.1
[history.cpp:283]: Executing History from 1928.1.1 to  2245.1.1
[controlcommands.cpp:80]: Human MrHuman set as primary local
[frontend.cpp:648]: 

		[[ Launching SINGLEPLAYER-game ]]
	Start-date: 2245.1.1
	Country:  秦 


[messagehandler.h:261]: 1 正月, 2245 我们接受了任务纳芈八子. 
[messagehandler.h:261]: 1 正月, 2245 事件: 乌氏  发生了"君主死亡"事件. 
[messagehandler.h:261]: 1 正月, 2245 事件: 夜郎  发生了"君主死亡"事件. 
[messagehandler.h:261]: 1 正月, 2245 事件: 皮山  发生了"君主死亡"事件. 
[messagehandler.h:261]: 1 正月, 2245 事件: 难兜  发生了"君主死亡"事件. 
[messagehandler.h:261]: 1 正月, 2245 事件: 尉犁  发生了"君主死亡"事件. 
[messagehandler.h:261]: 1 正月, 2245 事件: 婼羌  发生了"君主死亡"事件. 
[messagehandler.h:261]: 1 正月, 2245 事件: 于阗  发生了"君主死亡"事件. 
[messagehandler.h:261]: 1 正月, 2245 事件: 渠勒  发生了"君主死亡"事件. 
[messagehandler.h:261]: 1 正月, 2245 事件: 戎卢  发生了"君主死亡"事件. 
[messagehandler.h:261]: 1 正月, 2245 事件: 且末  发生了"君主死亡"事件. 
[messagehandler.h:261]: 1 正月, 2245 事件: 劫  发生了"君主死亡"事件. 
[messagehandler.h:261]: 1 正月, 2245 事件: 车师  发生了"君主死亡"事件. 
[messagehandler.h:261]: 1 正月, 2245 事件: 鬼兹  发生了"君主死亡"事件. 
[messagehandler.h:261]: 1 正月, 2245 事件: 姑墨  发生了"君主死亡"事件. 
[messagehandler.h:261]: 1 正月, 2245 事件: 温宿  发生了"君主死亡"事件. 
[messagehandler.h:261]: 1 正月, 2245 事件: 乌孙  发生了"君主死亡"事件. 
[messagehandler.h:261]: 1 正月, 2245 事件: 大宛  发生了"君主死亡"事件. 
[messagehandler.h:261]: 1 正月, 2245 事件: 楼兰  发生了"君主死亡"事件. 
[messagehandler.h:261]: 1 正月, 2245 事件: 扜弥  发生了"君主死亡"事件. 
[messagehandler.h:261]: 1 正月, 2245 事件: 精绝  发生了"君主死亡"事件. 
[messagehandler.h:261]: 1 正月, 2245 事件: 乌秆  发生了"君主死亡"事件. 
[messagehandler.h:261]: 1 正月, 2245 事件: 西夜  发生了"君主死亡"事件. 
[messagehandler.h:261]: 1 正月, 2245 事件: 子合  发生了"君主死亡"事件. 
[messagehandler.h:261]: 1 正月, 2245 事件: 蒲犁  发生了"君主死亡"事件. 
[messagehandler.h:261]: 1 正月, 2245 事件: 依耐  发生了"君主死亡"事件. 
[messagehandler.h:261]: 1 正月, 2245 事件: 小宛  发生了"君主死亡"事件. 
[messagehandler.h:261]: 1 正月, 2245 事件: 无雷  发生了"君主死亡"事件. 
[messagehandler.h:261]: 1 正月, 2245 事件: 桃槐  发生了"君主死亡"事件. 
[messagehandler.h:261]: 1 正月, 2245 事件: 休循  发生了"君主死亡"事件. 
[messagehandler.h:261]: 1 正月, 2245 事件: 捐毒  发生了"君主死亡"事件. 
[messagehandler.h:261]: 1 正月, 2245 事件: 莎车  发生了"君主死亡"事件. 
[messagehandler.h:261]: 1 正月, 2245 事件: 疏勒  发生了"君主死亡"事件. 
[messagehandler.h:261]: 1 正月, 2245 事件: 尉头  发生了"君主死亡"事件. 
[messagehandler.h:261]: 1 正月, 2245 事件: 危须  发生了"君主死亡"事件. 
[messagehandler.h:261]: 1 正月, 2245 事件: 焉者  发生了"君主死亡"事件. 
[messagehandler.h:261]: 1 正月, 2245 事件: 墨山  发生了"君主死亡"事件. 
[messagehandler.h:261]: 1 正月, 2245 事件: 狐胡  发生了"君主死亡"事件. 
[messagehandler.h:261]: 1 正月, 2245 事件: 渠犁  发生了"君主死亡"事件. 
[messagehandler.h:261]: 1 正月, 2245 玩家通过决议:
xinshouwaigua_title. 
[messagehandler.h:261]: 1 正月, 2245 玩家通过决议:
xinshouwaigua_guojiazhuangtai_title. 
[messagehandler.h:261]: 1 正月, 2245 我们借入了一笔货款
[messagehandler.h:261]: 1 正月, 2245 我们借入了一笔货款
[messagehandler.h:261]: 1 正月, 2245 我们借入了一笔货款
[messagehandler.h:261]: 1 正月, 2245 我们借入了一笔货款
[messagehandler.h:261]: 1 正月, 2245 我们借入了一笔货款
